2025-04-22 23:06:24,957 - app - INFO - Received API response: {'success': True, 'sentences': [{'sentence': 'He died on 8 May 2019 at the age of 93.', 'verb': 'died', 'fill_in_blank': 'He __(die) on 8 May 2019 at the age of 93.', 'arrange_question': '8 / May / at / the / of / 2019 / 93 / age / He / died / on / . (Arrange the words)', 'multiple_choice': {'question_text': 'He __(die) on 8 May 2019 at the age of 93.', 'options': ['stayed', 'passed', 'lived', 'died'], 'correct_answer': 'died'}, 'level': 'A1', 'for_user': 2}, {'sentence': "I've never seen such a fat turkey.", 'verb': "'ve", 'fill_in_blank': "I__(') never seen such a fat turkey.", 'arrange_question': "a / seen / never / such / . / fat / turkey / I / 've (Arrange the words)", 'multiple_choice': {'question_text': "I__(') never seen such a fat turkey.", 'options': ['ve', 'notice', 'find', 'walk'], 'correct_answer': "'ve"}, 'level': 'A1', 'for_user': 2}, {'sentence': 'He was a man whom many people liked.', 'verb': 'was', 'fill_in_blank': 'He __(be) a man whom many people liked.', 'arrange_question': 'man / was / many / He / liked / people / whom / a / . (Arrange the words)', 'multiple_choice': {'question_text': 'He __(be) a man whom many people liked.', 'options': ['trusted', 'was', 'liked', 'admired'], 'correct_answer': 'was'}, 'level': 'A1', 'for_user': 2}, {'sentence': 'I wish I could be there when she arrives.', 'verb': 'wish', 'fill_in_blank': 'I __(wish) I could be there when she arrives.', 'arrange_question': 'arrives / when / could / there / I / I / she / be / wish / . (Arrange the words)', 'multiple_choice': {'question_text': 'I __(wish) I could be there when she arrives.', 'options': ['wish', 'hear', 'see', 'know'], 'correct_answer': 'wish'}, 'level': 'A1', 'for_user': 2}, {'sentence': 'The movie was released on September 20, 2002.', 'verb': 'was', 'fill_in_blank': 'The movie __(be) released on September 20, 2002.', 'arrange_question': 'on / was / 20 / September / movie / The / , / released / . / 2002 (Arrange the words)', 'multiple_choice': {'question_text': 'The movie __(be) released on September 20, 2002.', 'options': ['tell', 'show', 'produce', 'was'], 'correct_answer': 'was'}, 'level': 'A1', 'for_user': 2}], 'message': "Generated 5 sentences for level A1 on topic 'Race'", 'processing_time': 27.04943823814392, 'timestamp': '2025-04-22T16:06:24.891072'}
2025-04-22 23:06:25,084 - app - INFO - Stored 5 valid sentences for user 2
2025-04-22 23:06:25,085 - app - INFO - Returning 5 sentences to client
2025-04-22 23:20:51,997 - app - INFO - Flask app is starting up
2025-04-22 23:20:54,423 - app - INFO - Flask app is starting up
2025-04-22 23:24:51,918 - app - INFO - Flask app is starting up
2025-04-22 23:24:52,301 - app - INFO - Flask app is starting up
2025-04-22 23:37:32,321 - app - INFO - Flask app is starting up
2025-04-22 23:37:33,773 - app - INFO - Flask app is starting up
2025-04-22 23:39:49,888 - app - INFO - Flask app is starting up
2025-04-22 23:39:51,314 - app - INFO - Flask app is starting up
2025-04-22 23:40:48,317 - app - INFO - Received generate request: level=B1, topic=games, num_sentences=2, user_id=2
2025-04-22 23:40:48,319 - app - INFO - Sending request to https://0038-34-168-155-130.ngrok-free.app/generate_sentences with payload: {'level': 'B1', 'num_sentences': 2, 'user_id': 2, 'topic': 'games'}
2025-04-22 23:40:59,150 - app - INFO - API response status: 200
2025-04-22 23:40:59,154 - app - INFO - Received API response: {'success': True, 'sentences': [{'sentence': 'There are many different versions of the lyrics to the song.', 'verb': 'are', 'fill_in_blank': 'There __(be) many different versions of the lyrics to the song.', 'arrange_question': 'There / are / . / the / many / the / of / versions / song / different / lyrics / to (Arrange the words)', 'multiple_choice': {'question_text': 'There __(be) many different versions of the lyrics to the song.', 'options': ['are', 'adapt', 'rewrite', 'modify'], 'correct_answer': 'are'}, 'level': 'B1', 'for_user': 2}, {'sentence': 'The game received generally positive reviews from critics.', 'verb': 'received', 'fill_in_blank': 'The game __(receive) generally positive reviews from critics.', 'arrange_question': 'generally / game / positive / . / reviews / critics / received / from / The (Arrange the words)', 'multiple_choice': {'question_text': 'The game __(receive) generally positive reviews from critics.', 'options': ['granted', 'issued', 'praised', 'received'], 'correct_answer': 'received'}, 'level': 'B1', 'for_user': 2}], 'message': "Generated 2 sentences for level B1 on topic 'games'", 'processing_time': 10.069557428359985, 'timestamp': '2025-04-22T16:40:59.123923'}
2025-04-22 23:40:59,249 - app - INFO - Stored 2 valid sentences for user 2
2025-04-22 23:40:59,249 - app - INFO - Returning 2 sentences to client
2025-04-22 23:41:04,106 - app - INFO - Received generate request: level=C2, topic=games, num_sentences=2, user_id=2
2025-04-22 23:41:04,107 - app - INFO - Sending request to https://0038-34-168-155-130.ngrok-free.app/generate_sentences with payload: {'level': 'C2', 'num_sentences': 2, 'user_id': 2, 'topic': 'games'}
2025-04-22 23:41:30,218 - app - INFO - API response status: 200
2025-04-22 23:41:30,221 - app - INFO - Received API response: {'success': True, 'sentences': [{'sentence': 'The use of medial caps for oblique view photography has been known since the early days of naval warfare.', 'verb': 'has', 'fill_in_blank': 'The use of medial caps for oblique view photography __(have) been known since the early days of naval warfare.', 'arrange_question': 'of / The / the / oblique / view / early / caps / since / photography / known / use / medial / . / naval / for / of / has / warfare / been / days (Arrange the words)', 'multiple_choice': {'question_text': 'The use of medial caps for oblique view photography __(have) been known since the early days of naval warfare.', 'options': ['walk', 'exploit', 'has', 'implement'], 'correct_answer': 'has'}, 'level': 'C2', 'for_user': 2}, {'sentence': 'A number of other physical properties are linked to crystallography.', 'verb': 'are', 'fill_in_blank': 'A number of other physical properties __(be) linked to crystallography.', 'arrange_question': 'to / crystallography / . / are / physical / number / other / of / properties / linked / A (Arrange the words)', 'multiple_choice': {'question_text': 'A number of other physical properties __(be) linked to crystallography.', 'options': ['are', 'correlate', 'walk', 'derive'], 'correct_answer': 'are'}, 'level': 'C2', 'for_user': 2}], 'message': "Generated 2 sentences for level C2 on topic 'games'", 'processing_time': 25.00598931312561, 'timestamp': '2025-04-22T16:41:29.854861'}
2025-04-22 23:41:30,238 - app - INFO - Stored 2 valid sentences for user 2
2025-04-22 23:41:30,238 - app - INFO - Returning 2 sentences to client
2025-04-22 23:44:09,490 - app - INFO - Received generate request: level=C2, topic=games, num_sentences=5, user_id=2
2025-04-22 23:44:09,494 - app - INFO - Sending request to https://0038-34-168-155-130.ngrok-free.app/generate_sentences with payload: {'level': 'C2', 'num_sentences': 5, 'user_id': 2, 'topic': 'games'}
2025-04-22 23:45:09,822 - app - ERROR - Cloud API request timed out
2025-04-22 23:45:19,313 - app - INFO - Received generate request: level=C2, topic=games, num_sentences=3, user_id=2
2025-04-22 23:45:19,315 - app - INFO - Sending request to https://0038-34-168-155-130.ngrok-free.app/generate_sentences with payload: {'level': 'C2', 'num_sentences': 3, 'user_id': 2, 'topic': 'games'}
2025-04-22 23:46:19,542 - app - ERROR - Cloud API request timed out
